
> build
> tsc -b && vite build

src/components/assets/AssetFormDialog.tsx(118,15): error TS2322: Type '(val: string) => void' is not assignable to type '(value: string | null, eventDetails: SelectRootChangeEventDetails) => void'.
  Types of parameters 'val' and 'value' are incompatible.
    Type 'string | null' is not assignable to type 'string'.
      Type 'null' is not assignable to type 'string'.
src/components/clients/ClientOverviewTab.tsx(1,8): error TS6133: 'React' is declared but its value is never read.
src/components/clients/ClientTicketsTab.tsx(1,1): error TS6133: 'React' is declared but its value is never read.
src/components/reports/BillingQueue.tsx(278,55): error TS2322: Type '{ children: Element; asChild: true; }' is not assignable to type 'IntrinsicAttributes & Props<unknown>'.
  Property 'asChild' does not exist on type 'IntrinsicAttributes & Props<unknown>'.
src/components/tickets/TicketFormDialog.tsx(94,5): error TS2322: Type 'Resolver<{ title: string; description: string; status: "open" | "in_progress" | "resolved"; priority: "low" | "medium" | "high" | "critical"; clientId: string; assetId?: string | undefined; assignedTechId?: string | undefined; contactName?: string | undefined; approvedBy?: string | undefined; timeLoggedMinutes?: unk...' is not assignable to type 'Resolver<{ title: string; description: string; status: "open" | "in_progress" | "resolved"; priority: "low" | "medium" | "high" | "critical"; clientId: string; assetId?: string | undefined; assignedTechId?: string | undefined; contactName?: string | undefined; approvedBy?: string | undefined; timeLoggedMinutes?: num...'.
  Types of parameters 'options' and 'options' are incompatible.
    Type 'import("C:/Users/User/Documents/tickets/node_modules/react-hook-form/dist/types/resolvers").ResolverOptions<{ title: string; description: string; status: "open" | "in_progress" | "resolved"; priority: "low" | "medium" | "high" | "critical"; clientId: string; assetId?: string | undefined; assignedTechId?: string | un...' is not assignable to type 'import("C:/Users/User/Documents/tickets/node_modules/react-hook-form/dist/types/resolvers").ResolverOptions<{ title: string; description: string; status: "open" | "in_progress" | "resolved"; priority: "low" | "medium" | "high" | "critical"; clientId: string; assetId?: string | undefined; assignedTechId?: string | un...'. Two different types with this name exist, but they are unrelated.
      Type 'unknown' is not assignable to type 'number | undefined'.
src/components/tickets/TicketFormDialog.tsx(113,9): error TS6133: 'timeLoggedValue' is declared but its value is never read.
src/components/tickets/TicketFormDialog.tsx(190,11): error TS2322: Type '(val: string) => void' is not assignable to type '(value: string | null, eventDetails: SelectRootChangeEventDetails) => void'.
  Types of parameters 'val' and 'value' are incompatible.
    Type 'string | null' is not assignable to type 'string'.
      Type 'null' is not assignable to type 'string'.
src/components/tickets/TicketFormDialog.tsx(213,42): error TS2322: Type '(val: string) => void' is not assignable to type '(value: string | null, eventDetails: SelectRootChangeEventDetails) => void'.
  Types of parameters 'val' and 'value' are incompatible.
    Type 'string | null' is not assignable to type 'string'.
      Type 'null' is not assignable to type 'string'.
src/components/ui/data-table.tsx(1,1): error TS6133: 'React' is declared but its value is never read.
src/config/firebase.ts(6,23): error TS2339: Property 'env' does not exist on type 'ImportMeta'.
src/config/firebase.ts(7,27): error TS2339: Property 'env' does not exist on type 'ImportMeta'.
src/config/firebase.ts(8,26): error TS2339: Property 'env' does not exist on type 'ImportMeta'.
src/config/firebase.ts(9,30): error TS2339: Property 'env' does not exist on type 'ImportMeta'.
src/config/firebase.ts(10,34): error TS2339: Property 'env' does not exist on type 'ImportMeta'.
src/config/firebase.ts(11,22): error TS2339: Property 'env' does not exist on type 'ImportMeta'.
src/hooks/useAssets.ts(41,9): error TS6133: 'queryClient' is declared but its value is never read.
src/hooks/useAssets.ts(56,31): error TS6133: 'serverTimestamp' is declared but its value is never read.
src/hooks/useClients.ts(41,9): error TS6133: 'queryClient' is declared but its value is never read.
src/hooks/useTicketNotes.ts(52,9): error TS6133: 'queryClient' is declared but its value is never read.
src/hooks/useTickets.ts(41,9): error TS6133: 'queryClient' is declared but its value is never read.
src/main.tsx(5,8): error TS2882: Cannot find module or type declarations for side-effect import of './index.css'.
src/pages/AssetsList.tsx(51,62): error TS2353: Object literal may only specify known properties, and 'data' does not exist in type 'Partial<Asset> & { id: string; }'.
src/pages/Reports.tsx(212,29): error TS2322: Type '(val: number) => string' is not assignable to type 'LabelFormatter'.
  Types of parameters 'val' and 'label' are incompatible.
    Type 'RenderableText' is not assignable to type 'number'.
      Type 'undefined' is not assignable to type 'number'.
src/pages/Reports.tsx(240,50): error TS6133: 'entry' is declared but its value is never read.
src/pages/Settings.tsx(6,20): error TS6133: 'AppUser' is declared but its value is never read.
src/pages/Settings.tsx(225,33): error TS2322: Type '(val: UserRole) => Promise<void>' is not assignable to type '(value: "admin" | "tech" | "pending" | null, eventDetails: SelectRootChangeEventDetails) => void'.
  Types of parameters 'val' and 'value' are incompatible.
    Type '"admin" | "tech" | "pending" | null' is not assignable to type 'UserRole'.
      Type 'null' is not assignable to type 'UserRole'.
src/pages/TicketsList.tsx(17,1): error TS6192: All imports in import declaration are unused.
src/pages/TicketsList.tsx(88,25): error TS2322: Type '{ children: Element; asChild: true; }' is not assignable to type 'IntrinsicAttributes & NativeButtonProps & Omit<WithBaseUIEvent<DetailedHTMLProps<ButtonHTMLAttributes<HTMLButtonElement>, HTMLButtonElement>>, "className" | ... 3 more ... | "defaultValue"> & { ...; } & { ...; }'.
  Property 'asChild' does not exist on type 'IntrinsicAttributes & NativeButtonProps & Omit<WithBaseUIEvent<DetailedHTMLProps<ButtonHTMLAttributes<HTMLButtonElement>, HTMLButtonElement>>, "className" | ... 3 more ... | "defaultValue"> & { ...; } & { ...; }'.
